// Jest Snapshot v1, https://goo.gl/fbAQLP

exports[`ChatPanel snapshots matches snapshot in compact mode 1`] = `"<div data-testid="error-boundary"><div class="sd-ai-agent-chat-panel is-compact"><div class="sd-ai-agent-header"><div data-testid="provider-selector"></div><div data-testid="agent-selector"></div><div data-testid="budget-indicator"></div></div><div data-testid="context-indicator"></div><div data-testid="error-boundary"><div data-testid="message-list"></div></div><div data-testid="error-boundary"><div data-testid="message-input"></div><div data-testid="token-counter"></div></div></div></div>"`;

exports[`ChatPanel snapshots matches snapshot in default mode 1`] = `"<div data-testid="error-boundary"><div class="sd-ai-agent-chat-panel "><div class="sd-ai-agent-header"><div data-testid="provider-selector"></div><div data-testid="agent-selector"></div><div data-testid="budget-indicator"></div></div><div data-testid="context-indicator"></div><div data-testid="error-boundary"><div data-testid="message-list"></div></div><div data-testid="error-boundary"><div data-testid="message-input"></div><div data-testid="token-counter"></div></div></div></div>"`;

exports[`ChatPanel snapshots matches snapshot with YOLO mode enabled 1`] = `"<div data-testid="error-boundary"><div class="sd-ai-agent-chat-panel "><div class="sd-ai-agent-header"><div data-testid="provider-selector"></div><div data-testid="agent-selector"></div><div data-testid="budget-indicator"></div></div><div data-testid="context-indicator"></div><div data-testid="error-boundary"><div data-testid="message-list"></div></div><div data-testid="error-boundary"><div data-testid="message-input"></div><div data-testid="token-counter"></div></div><span class="sd-ai-agent-yolo-badge">YOLO</span></div></div>"`;
