// Jest Snapshot v1, https://goo.gl/fbAQLP

exports[`ContextIndicator snapshots matches snapshot with normal usage 1`] = `"<div class="ai-agent-context-indicator"><div class="ai-agent-context-stats"><span class="ai-agent-context-tokens">1.5K tokens<span class="ai-agent-context-detail">(1.0K in / 500 out)</span></span><span class="ai-agent-context-pct">10%</span></div><div class="ai-agent-context-bar-track"><div class="ai-agent-context-bar-fill" style="width:10%;background-color:#00a32a"></div></div></div>"`;

exports[`ContextIndicator snapshots matches snapshot with warning state (>80%) 1`] = `"<div class="ai-agent-context-indicator"><div class="ai-agent-context-stats"><span class="ai-agent-context-tokens">113.8K tokens<span class="ai-agent-context-detail">(108.8K in / 5.0K out)</span></span><span class="ai-agent-context-pct">85%</span></div><div class="ai-agent-context-bar-track"><div class="ai-agent-context-bar-fill" style="width:85%;background-color:#d63638"></div></div><div class="ai-agent-context-warning"><span>Context window is getting full.</span><div class="ai-agent-context-warning-actions"><button data-variant="secondary" data-size="small">Compact</button><button data-variant="secondary" data-size="small">New Chat</button></div></div></div>"`;

exports[`ContextIndicator snapshots matches snapshot with zero tokens (renders empty string) 1`] = `""`;
